[www.saiinternational.edu.in/index.html]
[backblue.gif]
[fade.gif]
[index.html]
[www.saiinternational.edu.in/favicon.svg]
[www.saiinternational.edu.in/images/og/home-og.jpg]
[www.saiinternational.edu.in/_astro/index.BrtvnVys7f26.css]
[www.saiinternational.edu.in/_astro/index.CTU-SLsF7f26.css]
[www.saiinternational.edu.in/images/sai-brand-logo7f26.png]
[www.saiinternational.edu.in/about.html]
[www.saiinternational.edu.in/media/news-and-blogs.html]
[www.saiinternational.edu.in/contact-us.html]
[www.saiinternational.edu.in/_astro/Navbar.astro_astro_type_script_index_0_lang.xb7BkD6l.js]
[www.saiinternational.edu.in/admissions.html]
[www.saiinternational.edu.in/icons/home7f26.svg]
[www.saiinternational.edu.in/icons/about7f26.svg]
[www.saiinternational.edu.in/about/vision-mission-values.html]
[www.saiinternational.edu.in/about/learning-and-beyond.html]
[www.saiinternational.edu.in/icons/admissions7f26.svg]
[www.saiinternational.edu.in/about/affiliations.html]
[www.saiinternational.edu.in/icons/results7f26.svg]
[www.saiinternational.edu.in/results/cbse-12th.html]
[www.saiinternational.edu.in/results/cbse-10th.html]
[www.saiinternational.edu.in/results/career-results.html]
[www.saiinternational.edu.in/results/placements.html]
[www.saiinternational.edu.in/icons/globe7f26.svg]
[www.saiinternational.edu.in/global-connect/global-vision.html]
[www.saiinternational.edu.in/global-connect/global-programs.html]
[www.saiinternational.edu.in/global-connect/global-partners.html]
[www.saiinternational.edu.in/icons/leaders7f26.svg]
[www.saiinternational.edu.in/ap-exams.html]
[www.saiinternational.edu.in/student-leaders/student-council.html]
[www.saiinternational.edu.in/icons/media7f26.svg]
[www.saiinternational.edu.in/student-leaders/global-sioneers.html]
[www.saiinternational.edu.in/media/albums.html]
[www.saiinternational.edu.in/media/radio-orange.html]
[www.saiinternational.edu.in/media/sai-tv.html]
[www.saiinternational.edu.in/admissions/transfer-certificates.html]
[www.saiinternational.edu.in/admissions/guideline.html]
[www.saiinternational.edu.in/admissions/ews-admission.html]
[www.saiinternational.edu.in/icons/phone7f26.svg]
[www.saiinternational.edu.in/_image7e81]
[www.saiinternational.edu.in/_astro/Hero.astro_astro_type_script_index_0_lang.xMgDMm09.js]
[www.saiinternational.edu.in/_astro/Hero.astro_astro_type_script_index_1_lang.BhmCeAON.js]
[www.saiinternational.edu.in/images/stats-image-17f26.jpg]
[www.saiinternational.edu.in/images/stats-image-27f26.jpg]
[www.saiinternational.edu.in/images/stats-image-37f26.jpg]
[www.saiinternational.edu.in/images/sports-facilities (1)7f26.jpg]
[www.saiinternational.edu.in/images/activities7f26.jpg]
[www.saiinternational.edu.in/images/stats-image-47f26.jpg]
[www.saiinternational.edu.in/images/smart-classroom7f26.jpg]
[www.saiinternational.edu.in/images/smart-classroom.jpg]
[www.saiinternational.edu.in/images/future-ready.jpeg]
[www.saiinternational.edu.in/images/labs-explearning.jpg]
[www.saiinternational.edu.in/images/assessment.jpg]
[www.saiinternational.edu.in/images/music-3607f26.jpg]
[www.saiinternational.edu.in/images/music-360.jpg]
[www.saiinternational.edu.in/images/visual-art.jpg]
[www.saiinternational.edu.in/images/drama-theatre.jpg]
[www.saiinternational.edu.in/images/sports-home7f26.jpg]
[www.saiinternational.edu.in/images/sports-home.jpg]
[www.saiinternational.edu.in/images/yoga.jpg]
[www.saiinternational.edu.in/images/book-a-tour-fallback7f26.jpg]
[www.saiinternational.edu.in/images/admission-26277f26.jpg]
[www.saiinternational.edu.in/images/admission-2627_17f26.jpg]
[www.saiinternational.edu.in/images/admission-2627_27f26.jpg]
[www.saiinternational.edu.in/images/admission-2627_37f26.jpg]
[www.saiinternational.edu.in/_astro/Results.astro_astro_type_script_index_0_lang.PfEXMi6w.js]
[www.saiinternational.edu.in/images/placements/iit-bombay7f26.png]
[www.saiinternational.edu.in/images/placements/aiims7f26.png]
[www.saiinternational.edu.in/images/placements/jipm7f26.png]
[www.saiinternational.edu.in/images/placements/nalsar7f26.png]
[www.saiinternational.edu.in/images/placements/india-17f26.png]
[www.saiinternational.edu.in/images/placements/india-27f26.png]
[www.saiinternational.edu.in/images/placements/mit7f26.png]
[www.saiinternational.edu.in/images/placements/british7f26.png]
[www.saiinternational.edu.in/images/placements/gerodia7f26.png]
[www.saiinternational.edu.in/images/placements/harvad7f26.png]
[www.saiinternational.edu.in/images/placements/global7f26.png]
[www.saiinternational.edu.in/images/placements/nus7f26.png]
[www.saiinternational.edu.in/images/placements/new-york7f26.png]
[www.saiinternational.edu.in/images/placements/moribus7f26.png]
[www.saiinternational.edu.in/images/placements/harvad-27f26.png]
[www.saiinternational.edu.in/images/placements/houston7f26.png]
[www.saiinternational.edu.in/images/placements/pennsyl7f26.png]
[www.saiinternational.edu.in/images/placements/umass7f26.png]
[www.saiinternational.edu.in/images/placements/nyu7f26.png]
[saicloudschool.in/myerp/uploads/sis_awards/532886688_green school7f26.jpg]
[saicloudschool.in/myerp/uploads/sis_awards/1051850910_ET Now7f26.jpg]
[saicloudschool.in/myerp/uploads/sis_awards/1288962277_No1-School-2025-Thumbnail7f26.jpg]
[saicloudschool.in/myerp/uploads/sis_awards/987345612_et_award_247f26.jpg]
[saicloudschool.in/myerp/uploads/sis_awards/1544500354_No.-1-School-in-India-by EducationWorld India-School-Rankings7f26.jpg]
[saicloudschool.in/myerp/uploads/sis_awards/177029764_Best-Education-Brands-in-India-by-The-Economic-Times-20237f26.jpg]
[www.saiinternational.edu.in/_astro/Awards.astro_astro_type_script_index_0_lang.PScbdwQo.js]
[www.saiinternational.edu.in/images/sai-campus7f26.png]
[www.saiinternational.edu.in/images/sai-resident7f26.png]
[www.saiinternational.edu.in/_imagedcb8]
[www.saiinternational.edu.in/about/ethos.html]
[www.saiinternational.edu.in/_image51bd]
[www.saiinternational.edu.in/about/guru-shishya-parampara.html]
[www.saiinternational.edu.in/about/founder/late-dr.-bijaya-kumar-sahoo]
[www.saiinternational.edu.in/_imageb5dd]
[www.saiinternational.edu.in/_astro/Founder.astro_astro_type_script_index_0_lang.D8B7y7KT.js]
[www.saiinternational.edu.in/images/testimonials/mr-sarkar.jpg]
[www.saiinternational.edu.in/images/testimonials/sambit-mohanty.jpg]
[www.saiinternational.edu.in/images/testimonials/madhumita-mohapatra.jpg]
[www.saiinternational.edu.in/images/testimonials/ranjana-chopra.jpg]
[www.saiinternational.edu.in/images/testimonials/rajendra-sharma.jpg]
[www.saiinternational.edu.in/images/testimonials/sidhartha-kanungo.jpg]
[www.saiinternational.edu.in/images/testimonials/mrs-gupta.jpg]
[www.saiinternational.edu.in/images/testimonials/mr-agrawal.jpg]
[www.saiinternational.edu.in/_astro/Testimonial.astro_astro_type_script_index_0_lang.Cn4WABhT.js]
[www.saiinternational.edu.in/media/news-and-blogs/657/from-awareness-to-action_-strengthening-fire-safety.html]
[saicloudschool.in/myerp/uploads/blog/2026/03/05/657/Fire Training Thumbnail_05_03_2026_16_40_177f26.jpg]
[saicloudschool.in/myerp/uploads/blog/2026/02/25/656/Roll-Ball-Championship-2026-Thumbnail_25_02_2026_12_54_337f26.jpg]
[www.saiinternational.edu.in/media/news-and-blogs/656/silver-triumph-for-odisha-at-the-15th-mini-national-roll-ball-championship-2026.html]
[saicloudschool.in/myerp/uploads/blog/2026/02/23/655/JEE-Main-Results-2026-Banner-Thumbnail_07_03_2026_10_58_357f26.jpg]
[www.saiinternational.edu.in/media/news-and-blogs/655/excellence-redefined_-saioneers-achieve-remarkable-jee-main-results.html]
[saicloudschool.in/myerp/uploads/blog/2026/02/14/653/Food-Safety-Awareness-Session-Thumbnail_14_02_2026_12_22_167f26.jpg]
[www.saiinternational.edu.in/media/news-and-blogs/653/eat-right,-live-right_-interact-club-hosts-food-safety-session.html]
[saicloudschool.in/myerp/uploads/blog/2026/02/11/652/Dr-Andrew-Flaming-Thumbnail_11_02_2026_17_34_297f26.jpg]
[www.saiinternational.edu.in/media/news-and-blogs/652/british-deputy-high-commissioner-dr-andrew-fleming-engaged-young-minds-at-sai-international-school.html]
[saicloudschool.in/myerp/uploads/blog/2026/02/02/651/SAIoneer-Subidita-Bag-Thumbnail_02_02_2026_9_59_067f26.jpg]
[www.saiinternational.edu.in/media/news-and-blogs/651/saioneer-subidita-bag-secures-state-honour-and-national-selection-in-gymnastics.html]
[saicloudschool.in/myerp/uploads/blog/2026/01/29/605/saimun-iv-v-thumbnail_29_01_2026_18_34_017f26.jpg]
[www.saiinternational.edu.in/media/news-and-blogs/605/cambridge-learners-step-into-global-leadership-at-saimun.html]
[saicloudschool.in/myerp/uploads/blog/2026/01/23/544/Road-Safety-Week-2026-Thumbnail_23_01_2026_15_19_117f26.jpg]
[www.saiinternational.edu.in/media/news-and-blogs/544/road-safety-week-2026-observed-through-interact-club-initiative.html]
[saicloudschool.in/myerp/uploads/blog/2026/01/21/484/School-Youth-Ideathon-2025-Thumbnail_21_01_2026_15_23_587f26.jpg]
[www.saiinternational.edu.in/media/news-and-blogs/484/from-idea-to-impact_-saioneers-excel-at-school-youth-ideathon-2025.html]
[saicloudschool.in/myerp/uploads/blog/2026/01/19/480/SAI Utkarsh Thumbnail_19_01_2026_17_53_037f26.jpg]
[www.saiinternational.edu.in/media/news-and-blogs/480/sai-utkarsh_-cultivating-leadership-through-student-voice.html]
[www.saiinternational.edu.in/_astro/News.astro_astro_type_script_index_0_lang.DrCIUkgR.js]
[www.saiinternational.edu.in/_image1614]
[www.saiinternational.edu.in/_astro/NewsLetter.astro_astro_type_script_index_0_lang.DaCZqDPR.js]
[www.saiinternational.edu.in/images/partners/access-usa-hd7f26.png]
[www.saiinternational.edu.in/images/partners/leader-hd7f26.png]
[www.saiinternational.edu.in/images/partners/sat-hd7f26.png]
[www.saiinternational.edu.in/images/partners/univariety-hd7f26.png]
[www.saiinternational.edu.in/images/partners/icai-hd7f26.png]
[www.saiinternational.edu.in/images/partners/ids-hd7f26.png]
[www.saiinternational.edu.in/images/partners/microsoft-hd7f26.png]
[www.saiinternational.edu.in/images/partners/roundsq-hd7f26.png]
[www.saiinternational.edu.in/images/partners/showcase-sis-hd7f26.png]
[www.saiinternational.edu.in/images/partners/google-1-hd7f26.png]
[www.saiinternational.edu.in/images/partners/cambrdige-hd7f26.png]
[www.saiinternational.edu.in/images/partners/cbse-sis-hd7f26.png]
[www.saiinternational.edu.in/images/partners/adobe-hd7f26.png]
[www.saiinternational.edu.in/images/partners/bridgeu-sis-hd7f26.png]
[www.saiinternational.edu.in/images/partners/kindness-hd7f26.png]
[www.saiinternational.edu.in/iim.html]
[www.saiinternational.edu.in/_image6d36]
[www.saiinternational.edu.in/_astro/Footer.astro_astro_type_script_index_0_lang.XuJXMJFi.js]
[www.saiinternational.edu.in/_astro/SocialStickyBar.astro_astro_type_script_index_0_lang.CCFPRSOf.js]
[www.saiinternational.edu.in/_astro/Layout.astro_astro_type_script_index_0_lang.8_UdxwYC.js]
[web-in21.mxradon.com/t/Tracker.js]
[www.saiinternational.edu.in/index.html]
[www.saiinternational.edu.in/favicon.svg]
[www.saiinternational.edu.in/_astro/index.BrtvnVys7f26.css]
[www.saiinternational.edu.in/_astro/index.CTU-SLsF7f26.css]
[www.saiinternational.edu.in/images/og/about-us-og.jpg]
[www.saiinternational.edu.in/images/about-us7f26.png]
[www.saiinternational.edu.in/images/team/background-silpi-sahoo.jpg]
[www.saiinternational.edu.in/images/team/thumbnail-silpi-sahoo7f26.png]
[www.saiinternational.edu.in/images/team/background-nilakantha-panigrahi.jpg]
[www.saiinternational.edu.in/about/team/dr.-silpi-sahoo/index.html]
[www.saiinternational.edu.in/images/team/thumbnail-nilakantha-panigrahi7f26.png]
[www.saiinternational.edu.in/images/team/background-prakash-sahoo.jpg]
[www.saiinternational.edu.in/images/team/thumbnail-prakash-sahoo7f26.png]
[www.saiinternational.edu.in/images/team/background-rashmi-pandey.jpg]
[www.saiinternational.edu.in/images/team/thumbnail-rashmi-pandey7f26.png]
[www.saiinternational.edu.in/about/team/dr.-silpi-sahoo]
[www.saiinternational.edu.in/images/team/thumbnail-silpi-sahoo7f26.jpg]
[www.saiinternational.edu.in/about/team/shri-nilakantha-panigrahi]
[www.saiinternational.edu.in/images/team/thumbnail-nilakantha-panigrahi7f26.jpg]
[www.saiinternational.edu.in/about/team/shri-prakash-sahoo]
[www.saiinternational.edu.in/images/team/thumbnail-prakash-sahoo7f26.jpg]
[www.saiinternational.edu.in/about/team/smt-rashmi-pandey]
[www.saiinternational.edu.in/images/team/thumbnail-rashmi-pandey7f26.jpg]
[www.saiinternational.edu.in/_astro/Team.astro_astro_type_script_index_0_lang.DYxz-Cl4.js]
[www.saiinternational.edu.in/${member.ad.delayed]
[www.saiinternational.edu.in/_astro/Team.astro_astro_type_script_index_1_lang.xWfOUZno.js]
[www.saiinternational.edu.in/about/advisory/dr.-c.b.-satpathy]
[www.saiinternational.edu.in/images/advisory-board/thumbnail-cb-satpathy7f26.jpg]
[www.saiinternational.edu.in/about/advisory/dr.-prasant-mohapatra]
[www.saiinternational.edu.in/images/advisory-board/thumbnail-prasant-mohapatra7f26.jpg]
[www.saiinternational.edu.in/about/advisory/ca-p.r.-ramesh]
[www.saiinternational.edu.in/images/advisory-board/thumbnail-pr-ramesh7f26.jpg]
[www.saiinternational.edu.in/about/advisory/dr.-damodar-acharya]
[www.saiinternational.edu.in/images/advisory-board/thumbnail-damodar-acharya7f26.jpg]
[www.saiinternational.edu.in/about/advisory/dr.-p.c.-jain]
[www.saiinternational.edu.in/images/advisory-board/thumbnail-pc-jain7f26.jpg]
[www.saiinternational.edu.in/about/advisory/shri-amitabh-jhingan]
[www.saiinternational.edu.in/images/advisory-board/thumbnail-amitabh-jhingan7f26.jpg]
[www.saiinternational.edu.in/about/advisory/shri-rakesh-sethi]
[www.saiinternational.edu.in/images/advisory-board/thumbnail-rakesh-sethi7f26.jpg]
[www.saiinternational.edu.in/about/advisory/ms.-ameeta-mulla-wattal]
[www.saiinternational.edu.in/images/advisory-board/thumbnail-ameeta-mulla-wattal7f26.jpg]
[www.saiinternational.edu.in/about/advisory/shri-ronesh-puri]
[www.saiinternational.edu.in/images/advisory-board/thumbnail-ronesh-puri7f26.jpg]
[www.saiinternational.edu.in/_astro/AdvisoryBoard.astro_astro_type_script_index_0_lang.BS2p0E_X.js]
[www.saiinternational.edu.in/_astro/AdvisoryBoard.astro_astro_type_script_index_1_lang.xWfOUZno.js]
[www.saiinternational.edu.in/about.html]
[www.saiinternational.edu.in/media/news-and-blogs/654/sai-international-school-reaffirms-its-commitment-to-sustainability-with-green-school-award.html]
[saicloudschool.in/myerp/uploads/blog/2026/02/16/654/Green-School-Award-Thumbnail_16_02_2026_12_42_017f26.jpg]
[saicloudschool.in/myerp/uploads/blog/2026/01/19/482/Institute of Life Science Thumbnail_19_01_2026_18_04_307f26.jpg]
[www.saiinternational.edu.in/media/news-and-blogs.html]
[www.saiinternational.edu.in/media/news-and-blogs/482/grade-ix-saioneers-explore-the-world-of-life-sciences-at-the-institute-of-life-sciences.html]
[www.saiinternational.edu.in/images/og/contact-og.jpg]
[www.saiinternational.edu.in/images/contact-hero7f26.png]
[www.saiinternational.edu.in/icons/mail7f26.svg]
[www.saiinternational.edu.in/_astro/GetInTouchCard.astro_astro_type_script_index_0_lang.BPifYCbV.js]
[www.saiinternational.edu.in/icons/footer-phone7f26.svg]
[www.saiinternational.edu.in/icons/campus7f26.svg]
[www.saiinternational.edu.in/_astro/Form.astro_astro_type_script_index_0_lang.BIYFr9qW.js]
[www.saiinternational.edu.in/_astro/Form.astro_astro_type_script_index_1_lang.BZHd9sNi.js]
[www.saiinternational.edu.in/contact-us.html]
[www.saiinternational.edu.in/images/og/admission-og.jpg]
[www.saiinternational.edu.in/_image90c4]
[www.saiinternational.edu.in/icons/form.svg]
[www.saiinternational.edu.in/icons/headphone.svg]
[www.saiinternational.edu.in/icons/campus.svg]
[www.saiinternational.edu.in/icons/doc.svg]
[www.saiinternational.edu.in/icons/interaction.svg]
[www.saiinternational.edu.in/icons/offer-letter.svg]
[www.saiinternational.edu.in/_astro/Form.astro_astro_type_script_index_0_lang.BkROykQT.js]
[www.saiinternational.edu.in/admissions.html]
[www.saiinternational.edu.in/icons/home7f26.svg]
[www.saiinternational.edu.in/icons/about7f26.svg]
[www.saiinternational.edu.in/_astro/Form.astro_astro_type_script_index_1_lang.DdUbroFd.js]
[www.saiinternational.edu.in/images/vision-mission-values/vision-mobile7f26.jpg]
[www.saiinternational.edu.in/images/vision-mission-values/mission-mobile7f26.jpg]
[www.saiinternational.edu.in/images/vision-mission-values/values-mobile7f26.jpg]
[www.saiinternational.edu.in/about/vision-mission-values.html]
[www.saiinternational.edu.in/images/og/learning-and-beyond.jpg]
[www.saiinternational.edu.in/images/learning-and-beyond-hero7f26.png]
[www.saiinternational.edu.in/about/learning-and-beyond/curriculum/laboratories]
[www.saiinternational.edu.in/images/curriculum/lab7f26.png]
[www.saiinternational.edu.in/about/learning-and-beyond/curriculum/learning-resource-centers]
[www.saiinternational.edu.in/images/curriculum/learning-center7f26.png]
[www.saiinternational.edu.in/about/learning-and-beyond/curriculum/sports]
[www.saiinternational.edu.in/images/curriculum/sports7f26.png]
[www.saiinternational.edu.in/about/learning-and-beyond/curriculum/performing-arts]
[www.saiinternational.edu.in/images/curriculum/arts7f26.png]
[www.saiinternational.edu.in/about/learning-and-beyond/curriculum/fine-arts]
[www.saiinternational.edu.in/images/curriculum/fine-arts7f26.png]
[www.saiinternational.edu.in/about/learning-and-beyond/curriculum/steam]
[www.saiinternational.edu.in/images/curriculum/steam7f26.png]
[www.saiinternational.edu.in/about/learning-and-beyond/amenities/hostel]
[www.saiinternational.edu.in/images/amenities/hostel7f26.png]
[www.saiinternational.edu.in/about/learning-and-beyond/amenities/cafeteria]
[www.saiinternational.edu.in/images/amenities/cafeteria7f26.png]
[www.saiinternational.edu.in/about/learning-and-beyond/amenities/auditoriums]
[www.saiinternational.edu.in/images/amenities/auditorium-banner7f26.jpg]
[www.saiinternational.edu.in/about/learning-and-beyond/amenities/infirmary]
[www.saiinternational.edu.in/images/amenities/infirmary7f26.png]
[www.saiinternational.edu.in/about/learning-and-beyond/amenities/sustainable-development]
[www.saiinternational.edu.in/images/amenities/sustainable7f26.png]
[www.saiinternational.edu.in/about/learning-and-beyond/amenities/steam]
[www.saiinternational.edu.in/images/amenities/steam7f26.png]
[www.saiinternational.edu.in/about/learning-and-beyond/sai-seva/dr.-b-k-sahoo-100-libraries]
[www.saiinternational.edu.in/images/saiseva/library7f26.jpg]
[www.saiinternational.edu.in/about/learning-and-beyond/sai-seva/initiatives]
[www.saiinternational.edu.in/images/saiseva/initiative7f26.jpg]
[www.saiinternational.edu.in/about/learning-and-beyond/sai-seva/projects]
[www.saiinternational.edu.in/images/saiseva/projects7f26.jpg]
[www.saiinternational.edu.in/about/learning-and-beyond/sai-seva/recognitions]
[www.saiinternational.edu.in/images/saiseva/recognitions7f26.jpg]
[www.saiinternational.edu.in/_astro/SaiSeva.astro_astro_type_script_index_0_lang.DmOljIdJ.js]
[www.saiinternational.edu.in/about/learning-and-beyond/flagship-events/founderâs-memorial-series.105.delayed]
[www.saiinternational.edu.in/images/flagship/founder-memorial-series7f26.jpg]
[www.saiinternational.edu.in/about/learning-and-beyond/flagship-events/saimun]
[www.saiinternational.edu.in/images/flagship/saimun7f26.jpg]
[www.saiinternational.edu.in/about/learning-and-beyond/flagship-events/sai-unwind]
[www.saiinternational.edu.in/images/flagship/sai-unwind7f26.jpg]
[www.saiinternational.edu.in/about/learning-and-beyond/flagship-events/saited]
[www.saiinternational.edu.in/images/flagship/saited7f26.jpg]
[www.saiinternational.edu.in/about/learning-and-beyond/flagship-events/sai-confluence]
[www.saiinternational.edu.in/images/flagship/sai-confluence7f26.jpg]
[www.saiinternational.edu.in/about/learning-and-beyond/flagship-events/sai-olympics]
[www.saiinternational.edu.in/images/flagship/sai-olympics7f26.jpg]
[www.saiinternational.edu.in/_astro/Flagship.astro_astro_type_script_index_0_lang.IJuDOyem.js]
[www.saiinternational.edu.in/about/learning-and-beyond.html]
[www.saiinternational.edu.in/about/affiliations/cbse]
[www.saiinternational.edu.in/images/affiliations/cbse7f26.png]
[www.saiinternational.edu.in/about/affiliations/igcse]
[www.saiinternational.edu.in/images/affiliations/igcse7f26.png]
[www.saiinternational.edu.in/images/footer-bg.png]
[www.saiinternational.edu.in/about/affiliations.html]
[www.saiinternational.edu.in/icons/admissions7f26.svg]
[www.saiinternational.edu.in/icons/results7f26.svg]
[www.saiinternational.edu.in/images/results/12th/course-117f26.jpg]
[www.saiinternational.edu.in/images/results/12th/course-127f26.jpg]
[www.saiinternational.edu.in/images/results/12th/course-137f26.jpg]
[www.saiinternational.edu.in/results/cbse-12th.html]
[www.saiinternational.edu.in/images/results/school-background.png]
[saicloudschool.in/myerp/uploads/sis_cbseresult/1660856138_106277f26.jpg]
[saicloudschool.in/myerp/uploads/sis_cbseresult/1672094559_47117f26.jpg]
[saicloudschool.in/myerp/uploads/sis_cbseresult/259614724_50757f26.jpg]
[saicloudschool.in/myerp/uploads/sis_cbseresult/413958644_141337f26.jpg]
[saicloudschool.in/myerp/uploads/sis_cbseresult/1322499133_91287f26.jpg]
[saicloudschool.in/myerp/uploads/sis_cbseresult/298417104_31347f26.jpg]
[saicloudschool.in/myerp/uploads/sis_cbseresult/2940041_113857f26.jpg]
[saicloudschool.in/myerp/uploads/sis_cbseresult/304606069_38687f26.jpg]
[saicloudschool.in/myerp/uploads/sis_cbseresult/241791603_46337f26.jpg]
[saicloudschool.in/myerp/uploads/sis_cbseresult/537954739_90807f26.jpg]
[saicloudschool.in/myerp/uploads/sis_cbseresult/1126506525_29267f26.jpg]
[saicloudschool.in/myerp/uploads/sis_cbseresult/1030815197_48647f26.jpg]
[saicloudschool.in/myerp/uploads/sis_cbseresult/1399594753_49947f26.jpg]
[saicloudschool.in/myerp/uploads/sis_cbseresult/24668136_86857f26.jpg]
[saicloudschool.in/myerp/uploads/sis_cbseresult/1528729254_124517f26.jpg]
[saicloudschool.in/myerp/uploads/sis_cbseresult/538180086_103777f26.jpg]
[saicloudschool.in/myerp/uploads/sis_cbseresult/547366859_123887f26.jpg]
[saicloudschool.in/myerp/uploads/sis_cbseresult/546117954_60317f26.jpg]
[saicloudschool.in/myerp/uploads/sis_cbseresult/1843363998_90677f26.jpg]
[saicloudschool.in/myerp/uploads/sis_cbseresult/1602228238_81747f26.jpg]
[saicloudschool.in/myerp/uploads/sis_cbseresult/222610993_48177f26.jpg]
[saicloudschool.in/myerp/uploads/sis_cbseresult/1638087126_54917f26.jpg]
[saicloudschool.in/myerp/uploads/sis_cbseresult/1740214280_30007f26.jpg]
[saicloudschool.in/myerp/uploads/sis_cbseresult/580404468_62367f26.jpg]
[saicloudschool.in/myerp/uploads/sis_cbseresult/1592331187_23327f26.jpg]
[saicloudschool.in/myerp/uploads/sis_cbseresult/2026387838_64357f26.jpg]
[saicloudschool.in/myerp/uploads/sis_cbseresult/161176749_68807f26.jpg]
[saicloudschool.in/myerp/uploads/sis_cbseresult/1970219570_28727f26.jpg]
[saicloudschool.in/myerp/uploads/sis_cbseresult/983655157_22507f26.jpg]
[saicloudschool.in/myerp/uploads/sis_cbseresult/651344978_94457f26.jpg]
[saicloudschool.in/myerp/uploads/sis_cbseresult/1045968592_51677f26.jpg]
[saicloudschool.in/myerp/uploads/sis_cbseresult/780367009_38237f26.jpg]
[saicloudschool.in/myerp/uploads/sis_cbseresult/1239941686_39577f26.jpg]
[saicloudschool.in/myerp/uploads/sis_cbseresult/27568367_50377f26.jpg]
[saicloudschool.in/myerp/uploads/sis_cbseresult/10425348_68017f26.jpg]
[saicloudschool.in/myerp/uploads/sis_cbseresult/1712556988_102257f26.jpg]
[saicloudschool.in/myerp/uploads/sis_cbseresult/1332965780_61387f26.jpg]
[saicloudschool.in/myerp/uploads/sis_cbseresult/1735610820_126537f26.jpg]
[saicloudschool.in/myerp/uploads/sis_cbseresult/364210232_50437f26.jpg]
[saicloudschool.in/myerp/uploads/sis_cbseresult/1182132729_49477f26.jpg]
[saicloudschool.in/myerp/uploads/sis_cbseresult/828916979_111897f26.jpg]
[saicloudschool.in/myerp/uploads/sis_cbseresult/2049053606_117387f26.jpg]
[saicloudschool.in/myerp/uploads/sis_cbseresult/511208296_115157f26.jpg]
[saicloudschool.in/myerp/uploads/sis_cbseresult/1161046562_39907f26.jpg]
[saicloudschool.in/myerp/uploads/sis_cbseresult/1091281716_100767f26.jpg]
[saicloudschool.in/myerp/uploads/sis_cbseresult/973991011_32227f26.jpg]
[saicloudschool.in/myerp/uploads/sis_cbseresult/1765769363_49567f26.jpg]
[saicloudschool.in/myerp/uploads/sis_cbseresult/1139818904_37337f26.jpg]
[saicloudschool.in/myerp/uploads/sis_cbseresult/1912278226_40747f26.jpg]
[saicloudschool.in/myerp/uploads/sis_cbseresult/62283109_117157f26.jpg]
[saicloudschool.in/myerp/uploads/sis_cbseresult/1235342194_121347f26.jpg]
[saicloudschool.in/myerp/uploads/sis_cbseresult/1531141459_82017f26.jpg]
[saicloudschool.in/myerp/uploads/sis_cbseresult/1752812424_37937f26.jpg]
[saicloudschool.in/myerp/uploads/sis_cbseresult/645632547_121067f26.jpg]
[saicloudschool.in/myerp/uploads/sis_cbseresult/641550215_56377f26.jpg]
[saicloudschool.in/myerp/uploads/sis_cbseresult/350161251_106097f26.jpg]
[saicloudschool.in/myerp/uploads/sis_cbseresult/752798788_50367f26.jpg]
[saicloudschool.in/myerp/uploads/sis_cbseresult/2142108824_32777f26.jpg]
[saicloudschool.in/myerp/uploads/sis_cbseresult/734016123_68697f26.jpg]
[saicloudschool.in/myerp/uploads/sis_cbseresult/890112176_82497f26.jpg]
[saicloudschool.in/myerp/uploads/sis_cbseresult/2125863447_31697f26.jpg]
[saicloudschool.in/myerp/uploads/sis_cbseresult/920742055_49047f26.jpg]
[saicloudschool.in/myerp/uploads/sis_cbseresult/531075674_127577f26.jpg]
[saicloudschool.in/myerp/uploads/sis_cbseresult/1410738376_141987f26.jpg]
[saicloudschool.in/myerp/uploads/sis_cbseresult/1902346457_133697f26.jpg]
[saicloudschool.in/myerp/uploads/sis_cbseresult/164870498_29987f26.jpg]
[saicloudschool.in/myerp/uploads/sis_cbseresult/1993913189_47827f26.jpg]
[saicloudschool.in/myerp/uploads/sis_cbseresult/27916722_22007f26.jpg]
[saicloudschool.in/myerp/uploads/sis_cbseresult/795493040_43617f26.jpg]
[saicloudschool.in/myerp/uploads/sis_cbseresult/1236793608_51037f26.jpg]
[saicloudschool.in/myerp/uploads/sis_cbseresult/280631376_70917f26.jpg]
[saicloudschool.in/myerp/uploads/sis_cbseresult/365762666_57317f26.jpg]
[saicloudschool.in/myerp/uploads/sis_cbseresult/1474634163_100047f26.jpg]
[saicloudschool.in/myerp/uploads/sis_cbseresult/1693553427_115097f26.jpg]
[saicloudschool.in/myerp/uploads/sis_cbseresult/1503537771_38297f26.jpg]
[saicloudschool.in/myerp/uploads/sis_cbseresult/1698443793_22627f26.jpg]
[saicloudschool.in/myerp/uploads/sis_cbseresult/1739104658_113437f26.jpg]
[saicloudschool.in/myerp/uploads/sis_cbseresult/328219230_23437f26.jpg]
[saicloudschool.in/myerp/uploads/sis_cbseresult/179554417_31057f26.jpg]
[saicloudschool.in/myerp/uploads/sis_cbseresult/974874568_90797f26.jpg]
[saicloudschool.in/myerp/uploads/sis_cbseresult/1369411282_50617f26.jpg]
[saicloudschool.in/myerp/uploads/sis_cbseresult/1493924777_102277f26.jpg]
[saicloudschool.in/myerp/uploads/sis_cbseresult/714615644_48807f26.jpg]
[saicloudschool.in/myerp/uploads/sis_cbseresult/1144469798_132767f26.jpg]
[saicloudschool.in/myerp/uploads/sis_cbseresult/256566292_29897f26.jpg]
[saicloudschool.in/myerp/uploads/sis_cbseresult/1631107877_24477f26.jpg]
[saicloudschool.in/myerp/uploads/sis_cbseresult/833984254_116747f26.jpg]
[saicloudschool.in/myerp/uploads/sis_cbseresult/37679904_53627f26.jpg]
[saicloudschool.in/myerp/uploads/sis_cbseresult/292788195_49937f26.jpg]
[saicloudschool.in/myerp/uploads/sis_cbseresult/1493314724_71047f26.jpg]
[saicloudschool.in/myerp/uploads/sis_cbseresult/1951782090_47747f26.jpg]
[saicloudschool.in/myerp/uploads/sis_cbseresult/60369141_66217f26.jpg]
[saicloudschool.in/myerp/uploads/sis_cbseresult/1859005330_116457f26.jpg]
[saicloudschool.in/myerp/uploads/sis_cbseresult/1796989332_81817f26.jpg]
[saicloudschool.in/myerp/uploads/sis_cbseresult/2022975608_91097f26.jpg]
[saicloudschool.in/myerp/uploads/sis_cbseresult/1372047018_124047f26.jpg]
[saicloudschool.in/myerp/uploads/sis_cbseresult/1566112409_70067f26.jpg]
[saicloudschool.in/myerp/uploads/sis_cbseresult/1669967718_49387f26.jpg]
[saicloudschool.in/myerp/uploads/sis_cbseresult/796515335_37327f26.jpg]
[saicloudschool.in/myerp/uploads/sis_cbseresult/1853246838_128397f26.jpg]
[saicloudschool.in/myerp/uploads/sis_cbseresult/1003777572_89697f26.jpg]
[saicloudschool.in/myerp/uploads/sis_cbseresult/2120378595_79547f26.jpg]
[saicloudschool.in/myerp/uploads/sis_cbseresult/380913914_101087f26.jpg]
[saicloudschool.in/myerp/uploads/sis_cbseresult/1970608470_50027f26.jpg]
[saicloudschool.in/myerp/uploads/sis_cbseresult/1418400799_115447f26.jpg]
[saicloudschool.in/myerp/uploads/sis_cbseresult/816593025_41177f26.jpg]
[saicloudschool.in/myerp/uploads/sis_cbseresult/1664558848_81217f26.jpg]
[saicloudschool.in/myerp/uploads/sis_cbseresult/1445039919_39787f26.jpg]
[saicloudschool.in/myerp/uploads/sis_cbseresult/1383100693_40507f26.jpg]
[saicloudschool.in/myerp/uploads/sis_cbseresult/53412350_100837f26.jpg]
[saicloudschool.in/myerp/uploads/sis_cbseresult/631868151_97267f26.jpg]
[saicloudschool.in/myerp/uploads/sis_cbseresult/209812207_130327f26.jpg]
[saicloudschool.in/myerp/uploads/sis_cbseresult/178132294_100637f26.jpg]
[saicloudschool.in/myerp/uploads/sis_cbseresult/1781744073_60077f26.jpg]
[saicloudschool.in/myerp/uploads/sis_cbseresult/1953372111_22837f26.jpg]
[saicloudschool.in/myerp/uploads/sis_cbseresult/998116809_32187f26.jpg]
[saicloudschool.in/myerp/uploads/sis_cbseresult/2129799412_23447f26.jpg]
[saicloudschool.in/myerp/uploads/sis_cbseresult/1206646886_115297f26.jpg]
[saicloudschool.in/myerp/uploads/sis_cbseresult/1754975945_62037f26.jpg]
[saicloudschool.in/myerp/uploads/sis_cbseresult/1960986673_128057f26.jpg]
[saicloudschool.in/myerp/uploads/sis_cbseresult/1354544913_132257f26.jpg]
[saicloudschool.in/myerp/uploads/sis_cbseresult/2004924283_29747f26.jpg]
[saicloudschool.in/myerp/uploads/sis_cbseresult/1566450924_78587f26.jpg]
[saicloudschool.in/myerp/uploads/sis_cbseresult/530540168_100947f26.jpg]
[saicloudschool.in/myerp/uploads/sis_cbseresult/751975519_17417f26.jpg]
[saicloudschool.in/myerp/uploads/sis_cbseresult/354837044_31307f26.jpg]
[saicloudschool.in/myerp/uploads/sis_cbseresult/1853593307_97247f26.jpg]
[saicloudschool.in/myerp/uploads/sis_cbseresult/25888321_115147f26.jpg]
[saicloudschool.in/myerp/uploads/sis_cbseresult/727944485_47637f26.jpg]
[saicloudschool.in/myerp/uploads/sis_cbseresult/1292164773_103747f26.jpg]
[saicloudschool.in/myerp/uploads/sis_cbseresult/347004198_49807f26.jpg]
[saicloudschool.in/myerp/uploads/sis_cbseresult/1987925961_81717f26.jpg]
[saicloudschool.in/myerp/uploads/sis_cbseresult/1523570805_47147f26.jpg]
[saicloudschool.in/myerp/uploads/sis_cbseresult/688714857_115277f26.jpg]
[saicloudschool.in/myerp/uploads/sis_cbseresult/865235932_97097f26.jpg]
[saicloudschool.in/myerp/uploads/sis_cbseresult/70661781_50607f26.jpg]
[saicloudschool.in/myerp/uploads/sis_cbseresult/2002544161_62287f26.jpg]
[saicloudschool.in/myerp/uploads/sis_cbseresult/1395293887_108547f26.jpg]
[saicloudschool.in/myerp/uploads/sis_cbseresult/1009231942_28837f26.jpg]
[saicloudschool.in/myerp/uploads/sis_cbseresult/1965291863_21797f26.jpg]
[saicloudschool.in/myerp/uploads/sis_cbseresult/1898384210_29737f26.jpg]
[saicloudschool.in/myerp/uploads/sis_cbseresult/522663465_71747f26.jpg]
[saicloudschool.in/myerp/uploads/sis_cbseresult/1001690075_121197f26.jpg]
[saicloudschool.in/myerp/uploads/sis_cbseresult/320747816_102077f26.jpg]
[saicloudschool.in/myerp/uploads/sis_cbseresult/1734613953_99957f26.jpg]
[saicloudschool.in/myerp/uploads/sis_cbseresult/1044863810_58327f26.jpg]
[saicloudschool.in/myerp/uploads/sis_cbseresult/860181374_36147f26.jpg]
[saicloudschool.in/myerp/uploads/sis_cbseresult/986797324_48747f26.jpg]
[saicloudschool.in/myerp/uploads/sis_cbseresult/1260209082_16207f26.jpg]
[saicloudschool.in/myerp/uploads/sis_cbseresult/1036143572_114907f26.jpg]
[saicloudschool.in/myerp/uploads/sis_cbseresult/958633717_131357f26.jpg]
[saicloudschool.in/myerp/uploads/sis_cbseresult/1940548547_16507f26.jpg]
[saicloudschool.in/myerp/uploads/sis_cbseresult/1238565669_81007f26.jpg]
[saicloudschool.in/myerp/uploads/sis_cbseresult/345675224_47157f26.jpg]
[saicloudschool.in/myerp/uploads/sis_cbseresult/1050851622_29587f26.jpg]
[saicloudschool.in/myerp/uploads/sis_cbseresult/2000365761_46987f26.jpg]
[saicloudschool.in/myerp/uploads/sis_cbseresult/399223953_133127f26.jpg]
[saicloudschool.in/myerp/uploads/sis_cbseresult/1464980818_120087f26.jpg]
[saicloudschool.in/myerp/uploads/sis_cbseresult/101991349_29667f26.jpg]
[saicloudschool.in/myerp/uploads/sis_cbseresult/1155752366_23627f26.jpg]
[saicloudschool.in/myerp/uploads/sis_cbseresult/1983528069_133197f26.jpg]
[saicloudschool.in/myerp/uploads/sis_cbseresult/800533855_128747f26.jpg]
[saicloudschool.in/myerp/uploads/sis_cbseresult/402119303_79697f26.jpg]
[saicloudschool.in/myerp/uploads/sis_cbseresult/13159605_79417f26.jpg]
[www.saiinternational.edu.in/results/cbse-10th.html]
[www.saiinternational.edu.in/images/results/career/jee7f26.jpg]
[www.saiinternational.edu.in/images/results/career/neet7f26.jpg]
[www.saiinternational.edu.in/results/career-results.html]
[www.saiinternational.edu.in/images/results/placements/2025-batch7f26.jpg]
[www.saiinternational.edu.in/images/results/placements/2025-batch.jpg]
[www.saiinternational.edu.in/images/results/placements/2024-batch7f26.jpg]
[www.saiinternational.edu.in/images/results/placements/2024-batch.jpg]
[www.saiinternational.edu.in/images/results/placements/2023-batch7f26.jpg]
[www.saiinternational.edu.in/images/results/placements/2023-batch.jpg]
[www.saiinternational.edu.in/images/results/placements/2022-batch7f26.jpg]
[www.saiinternational.edu.in/images/results/placements/2022-batch.jpg]
[www.saiinternational.edu.in/images/results/placements/2021-batch7f26.jpg]
[www.saiinternational.edu.in/images/results/placements/2021-batch.jpg]
[www.saiinternational.edu.in/images/results/placements/2020-batch7f26.jpg]
[www.saiinternational.edu.in/images/results/placements/2020-batch.jpg]
[www.saiinternational.edu.in/results/placements.html]
[www.saiinternational.edu.in/icons/globe7f26.svg]
[www.saiinternational.edu.in/global-connect/global-vision.html]
[www.saiinternational.edu.in/global-connect/global-programs/1]
[www.saiinternational.edu.in/images/global-connect/global-programs/immersion7f26.jpg]
[www.saiinternational.edu.in/global-connect/global-programs/2]
[www.saiinternational.edu.in/images/global-connect/global-programs/saioneer7f26.jpg]
[www.saiinternational.edu.in/global-connect/global-programs/3]
[www.saiinternational.edu.in/images/global-connect/global-programs/school-partnership7f26.jpg]
[www.saiinternational.edu.in/global-connect/global-programs.html]
[www.saiinternational.edu.in/global-connect/global-partners/1]
[www.saiinternational.edu.in/images/global-connect/global-partners/unesco7f26.jpg]
[www.saiinternational.edu.in/global-connect/global-partners/2]
[www.saiinternational.edu.in/images/global-connect/global-partners/cambridge-english7f26.jpg]
[www.saiinternational.edu.in/global-connect/global-partners/3]
[www.saiinternational.edu.in/images/global-connect/global-partners/british-council7f26.jpg]
[www.saiinternational.edu.in/global-connect/global-partners/4]
[www.saiinternational.edu.in/images/global-connect/global-partners/round-square7f26.jpg]
[www.saiinternational.edu.in/global-connect/global-partners/5]
[www.saiinternational.edu.in/images/global-connect/global-partners/afs7f26.jpg]
[www.saiinternational.edu.in/global-connect/global-partners/6]
[www.saiinternational.edu.in/images/global-connect/global-partners/sat7f26.jpg]
[www.saiinternational.edu.in/global-connect/global-partners/7]
[www.saiinternational.edu.in/images/global-connect/global-partners/cat7f26.jpg]
[www.saiinternational.edu.in/global-connect/global-partners.html]
[www.saiinternational.edu.in/ap-exams.html]
[www.saiinternational.edu.in/icons/leaders7f26.svg]
[saicloudschool.in/myerp/uploads/sis_studentcouncil/179058791_32837f26.jpg]
[saicloudschool.in/myerp/uploads/sis_studentcouncil/1809148313_29877f26.jpg]
[saicloudschool.in/myerp/uploads/sis_studentcouncil/462040539_60317f26.jpg]
[saicloudschool.in/myerp/uploads/sis_studentcouncil/1586280762_39907f26.jpg]
[saicloudschool.in/myerp/uploads/sis_studentcouncil/497058609_56707f26.jpg]
[saicloudschool.in/myerp/uploads/sis_studentcouncil/1984996207_30057f26.jpg]
[saicloudschool.in/myerp/uploads/sis_studentcouncil/1856401521_79967f26.jpg]
[saicloudschool.in/myerp/uploads/sis_studentcouncil/1338851460_90897f26.jpg]
[saicloudschool.in/myerp/uploads/sis_studentcouncil/772573420_133697f26.jpg]
[saicloudschool.in/myerp/uploads/sis_studentcouncil/854526490_49947f26.jpg]
[saicloudschool.in/myerp/uploads/sis_studentcouncil/2023897890_37087f26.jpg]
[saicloudschool.in/myerp/uploads/sis_studentcouncil/1877517944_29337f26.jpg]
[saicloudschool.in/myerp/uploads/sis_studentcouncil/1795390708_39497f26.jpg]
[saicloudschool.in/myerp/uploads/sis_studentcouncil/1470649688_16747f26.jpg]
[saicloudschool.in/myerp/uploads/sis_studentcouncil/308659732_22097f26.jpg]
[saicloudschool.in/myerp/uploads/sis_studentcouncil/416436911_24477f26.jpg]
[saicloudschool.in/myerp/uploads/sis_studentcouncil/368300766_31697f26.jpg]
[saicloudschool.in/myerp/uploads/sis_studentcouncil/959103904_37267f26.jpg]
[saicloudschool.in/myerp/uploads/sis_studentcouncil/877083641_75937f26.jpg]
[saicloudschool.in/myerp/uploads/sis_studentcouncil/1597148196_39067f26.jpg]
[saicloudschool.in/myerp/uploads/sis_studentcouncil/958918373_78497f26.jpg]
[saicloudschool.in/myerp/uploads/sis_studentcouncil/1744790618_64187f26.jpg]
[saicloudschool.in/myerp/uploads/sis_studentcouncil/714991336_115337f26.jpg]
[saicloudschool.in/myerp/uploads/sis_studentcouncil/2140141469_145967f26.jpg]
[saicloudschool.in/myerp/uploads/sis_studentcouncil/1442759441_29357f26.jpg]
[saicloudschool.in/myerp/uploads/sis_studentcouncil/1189595813_91287f26.jpg]
[saicloudschool.in/myerp/uploads/sis_studentcouncil/598949803_46177f26.jpg]
[saicloudschool.in/myerp/uploads/sis_studentcouncil/734089536_46337f26.jpg]
[saicloudschool.in/myerp/uploads/sis_studentcouncil/22439656_146577f26.jpg]
[saicloudschool.in/myerp/uploads/sis_studentcouncil/1713614374_144997f26.jpg]
[saicloudschool.in/myerp/uploads/sis_studentcouncil/1110794866_103777f26.jpg]
[saicloudschool.in/myerp/uploads/sis_studentcouncil/413499128_50437f26.jpg]
[saicloudschool.in/myerp/uploads/sis_studentcouncil/67812352_60077f26.jpg]
[saicloudschool.in/myerp/uploads/sis_studentcouncil/989074736_48177f26.jpg]
[saicloudschool.in/myerp/uploads/sis_studentcouncil/621935230_90807f26.jpg]
[saicloudschool.in/myerp/uploads/sis_studentcouncil/218033804_22887f26.jpg]
[saicloudschool.in/myerp/uploads/sis_studentcouncil/1454701381_47097f26.jpg]
[saicloudschool.in/myerp/uploads/sis_studentcouncil/2063836659_37627f26.jpg]
[saicloudschool.in/myerp/uploads/sis_studentcouncil/1254644843_46847f26.jpg]
[saicloudschool.in/myerp/uploads/sis_studentcouncil/838674230_37387f26.jpg]
[saicloudschool.in/myerp/uploads/sis_studentcouncil/1640460709_106267f26.jpg]
[saicloudschool.in/myerp/uploads/sis_studentcouncil/347063058_22877f26.jpg]
[saicloudschool.in/myerp/uploads/sis_studentcouncil/415946093_90087f26.jpg]
[www.saiinternational.edu.in/student-leaders/student-council.html]
[www.saiinternational.edu.in/student-leaders/global-sioneers.html]
[www.saiinternational.edu.in/icons/media7f26.svg]
[www.saiinternational.edu.in/media/albums.html]
[www.saiinternational.edu.in/images/media/radio-orange/radio-orange7f26.jpg]
[www.saiinternational.edu.in/media/radio-orange.html]
[www.saiinternational.edu.in/images/media/sai-tv/sai-tv7f26.jpg]
[www.saiinternational.edu.in/media/sai-tv.html]
[www.saiinternational.edu.in/images/admissions/transfer-certificates/tc-136917f26.jpg]
[www.saiinternational.edu.in/images/admissions/transfer-certificates/tc-13691.jpg]
[www.saiinternational.edu.in/images/admissions/transfer-certificates/tc-106257f26.jpg]
[www.saiinternational.edu.in/images/admissions/transfer-certificates/tc-10625.jpg]
[www.saiinternational.edu.in/admissions/transfer-certificates.html]
[www.saiinternational.edu.in/admissions/guideline.html]
[www.saiinternational.edu.in/admissions/ews-admission.html]
[www.saiinternational.edu.in/icons/phone7f26.svg]
[www.saiinternational.edu.in/about/[object Object].232.delayed]
[www.saiinternational.edu.in/about/ethos.html]
[www.saiinternational.edu.in/about/guru-shishya-parampara.html]
[www.saiinternational.edu.in/icons/double-lines7f26.svg]
[www.saiinternational.edu.in/_astro/index.CTU-SLsF.css]
[www.saiinternational.edu.in/images/team/bijaya-kumar-sahoo7f26.jpg]
[www.saiinternational.edu.in/_astro/footer-image.DI-vH0LL_Z2r60WY7f26.png]
[www.saiinternational.edu.in/about/founder/late-dr.-bijaya-kumar-sahoo]
[saicloudschool.in/myerp/uploads/blog/2026/03/05/657/Fire-Training-BANNER_05_03_2026_16_40_177f26.jpg]
[saicloudschool.in/myerp/uploads/blog/2026/03/05/657/Fire-Training17f26.jpg]
[saicloudschool.in/myerp/uploads/blog/2026/03/05/657/Fire-Training27f26.jpg]
[saicloudschool.in/myerp/uploads/blog/2026/03/05/657/Fire-Training37f26.jpg]
[saicloudschool.in/myerp/uploads/blog/2026/03/05/657/Fire-Training47f26.jpg]
[saicloudschool.in/myerp/uploads/blog/2026/03/05/657/Fire-Training57f26.jpg]
[saicloudschool.in/myerp/uploads/blog/2026/03/05/657/Fire-Training67f26.jpg]
[saicloudschool.in/myerp/uploads/blog/2026/03/05/657/Fire-Training77f26.jpg]
[saicloudschool.in/myerp/uploads/blog/2026/03/05/657/Fire-Training87f26.jpg]
[saicloudschool.in/myerp/uploads/blog/2026/03/05/657/Fire-Training97f26.jpg]
[saicloudschool.in/myerp/uploads/blog/2026/03/05/657/Fire-Training107f26.jpg]
[saicloudschool.in/myerp/uploads/blog/2026/03/05/657/Fire-Training117f26.jpg]
[saicloudschool.in/myerp/uploads/blog/2026/03/05/657/Fire-Training127f26.jpg]
[saicloudschool.in/myerp/uploads/blog/2026/03/05/657/Fire-Training137f26.jpg]
[saicloudschool.in/myerp/uploads/blog/2026/03/05/657/Fire-Training147f26.jpg]
[saicloudschool.in/myerp/uploads/blog/2026/03/05/657/Fire-Training157f26.jpg]
[www.saiinternational.edu.in/_astro/PhotoHighlights.astro_astro_type_script_index_0_lang.BdcVMiBQ.js]
[www.saiinternational.edu.in/media/news-and-blogs/657/from-awareness-to-action_-strengthening-fire-safety.html]
[saicloudschool.in/myerp/uploads/blog/2026/02/25/656/Roll-Ball-Championship-2026-Banner_25_02_2026_12_54_337f26.jpg]
[saicloudschool.in/myerp/uploads/blog/2026/02/25/656/Roll Ball Championship 2026 (1)7f26.jpg]
[saicloudschool.in/myerp/uploads/blog/2026/02/25/656/Roll Ball Championship 2026 (2)7f26.jpg]
[saicloudschool.in/myerp/uploads/blog/2026/02/25/656/Roll Ball Championship 2026 (3)7f26.jpg]
[www.saiinternational.edu.in/media/news-and-blogs/656/silver-triumph-for-odisha-at-the-15th-mini-national-roll-ball-championship-2026.html]
[saicloudschool.in/myerp/uploads/blog/2026/02/23/655/JEE-MAIN-RESULT-2026-Banner_07_03_2026_11_00_477f26.jpg]
[www.saiinternational.edu.in/media/news-and-blogs/655/excellence-redefined_-saioneers-achieve-remarkable-jee-main-results.html]
[saicloudschool.in/myerp/uploads/blog/2026/02/14/653/Food-Safety-Awareness-Session-banner_14_02_2026_12_22_167f26.jpg]
[www.saiinternational.edu.in/media/news-and-blogs/653/eat-right,-live-right_-interact-club-hosts-food-safety-session.html]
[saicloudschool.in/myerp/uploads/blog/2026/02/11/652/Dr-Andrew-Fleming-banner_13_02_2026_16_16_267f26.jpg]
[www.saiinternational.edu.in/media/news-and-blogs/652/british-deputy-high-commissioner-dr-andrew-fleming-engaged-young-minds-at-sai-international-school.html]
[saicloudschool.in/myerp/uploads/blog/2026/02/02/651/SAIoneer-Subidita-Bag-Banner_02_02_2026_9_59_067f26.jpg]
[www.saiinternational.edu.in/media/news-and-blogs/651/saioneer-subidita-bag-secures-state-honour-and-national-selection-in-gymnastics.html]
[saicloudschool.in/myerp/uploads/blog/2026/01/29/605/saimun-iv-v-banner_29_01_2026_18_34_017f26.jpg]
[www.saiinternational.edu.in/media/news-and-blogs/605/cambridge-learners-step-into-global-leadership-at-saimun.html]
[saicloudschool.in/myerp/uploads/blog/2026/01/23/544/Road-Safety-Week-2026-Banner_23_01_2026_15_19_117f26.jpg]
[www.saiinternational.edu.in/media/news-and-blogs/544/road-safety-week-2026-observed-through-interact-club-initiative.html]
[saicloudschool.in/myerp/uploads/blog/2026/01/21/484/School-Youth-Ideathon-2025-Banner_21_01_2026_15_23_587f26.jpg]
[saicloudschool.in/myerp/uploads/blog/2026/01/21/484/SYI-20257f26.jpg]
[saicloudschool.in/myerp/uploads/blog/2026/01/21/484/SYI-202517f26.jpg]
[saicloudschool.in/myerp/uploads/blog/2026/01/21/484/SYI-202527f26.jpg]
[www.saiinternational.edu.in/media/news-and-blogs/484/from-idea-to-impact_-saioneers-excel-at-school-youth-ideathon-2025.html]
[saicloudschool.in/myerp/uploads/blog/2026/01/19/480/SAI Utkarsh banner_19_01_2026_17_53_037f26.jpg]
[www.saiinternational.edu.in/media/news-and-blogs/480/sai-utkarsh_-cultivating-leadership-through-student-voice.html]
[www.saiinternational.edu.in/iim.html]
[www.saiinternational.edu.in/_astro/index.astro_astro_type_script_index_0_lang.EpenBpY3.js]
[www.saiinternational.edu.in/images/team/silpi-sahoo7f26.jpg]
[www.saiinternational.edu.in/about/team/dr.-silpi-sahoo/index.html]
[www.saiinternational.edu.in/about/team/dr.-silpi-sahoo]
[www.saiinternational.edu.in/images/team/nilakantha-panigrahi.2667f26.delayed]
[www.saiinternational.edu.in/about/team/shri-nilakantha-panigrahi]
[www.saiinternational.edu.in/images/team/prakash-sahoo7f26.jpg]
[www.saiinternational.edu.in/about/team/shri-prakash-sahoo]
[www.saiinternational.edu.in/images/team/rashmi-pandey7f26.jpg]
[www.saiinternational.edu.in/about/team/smt-rashmi-pandey]
[www.saiinternational.edu.in/${member.html]
[www.saiinternational.edu.in/images/advisory-board/cb-satpathy7f26.jpg]
[www.saiinternational.edu.in/about/advisory/dr.-c.b.-satpathy]
[www.saiinternational.edu.in/images/advisory-board/prasant-mohapatra7f26.jpg]
[www.saiinternational.edu.in/about/advisory/dr.-prasant-mohapatra]
[www.saiinternational.edu.in/images/advisory-board/pr-ramesh7f26.jpg]
[www.saiinternational.edu.in/about/advisory/ca-p.r.-ramesh]
[www.saiinternational.edu.in/images/advisory-board/damodar-acharya7f26.jpg]
[www.saiinternational.edu.in/about/advisory/dr.-damodar-acharya]
[www.saiinternational.edu.in/images/advisory-board/pc-jain.2747f26.delayed]
[www.saiinternational.edu.in/about/advisory/dr.-p.c.-jain]
[www.saiinternational.edu.in/images/advisory-board/amitabh-jhingan.2767f26.delayed]
[www.saiinternational.edu.in/about/advisory/shri-amitabh-jhingan]
[www.saiinternational.edu.in/images/advisory-board/rakesh-sethi7f26.jpg]
[www.saiinternational.edu.in/about/advisory/shri-rakesh-sethi]
[www.saiinternational.edu.in/images/advisory-board/ameeta-mulla-wattal7f26.jpg]
[www.saiinternational.edu.in/about/advisory/ms.-ameeta-mulla-wattal]
[www.saiinternational.edu.in/images/advisory-board/ronesh-puri7f26.jpg]
[www.saiinternational.edu.in/about/advisory/shri-ronesh-puri]
[saicloudschool.in/myerp/uploads/blog/2026/02/16/654/Green-School-Award-BANNER_16_02_2026_12_42_017f26.jpg]
[www.saiinternational.edu.in/media/news-and-blogs/654/sai-international-school-reaffirms-its-commitment-to-sustainability-with-green-school-award.html]
[saicloudschool.in/myerp/uploads/blog/2026/01/19/482/Institute of Life Science BANNER_19_01_2026_18_04_307f26.jpg]
[saicloudschool.in/myerp/uploads/blog/2026/01/19/482/Institute of Life Science (1)7f26.jpg]
[saicloudschool.in/myerp/uploads/blog/2026/01/19/482/Institute of Life Science (2)7f26.jpg]
[saicloudschool.in/myerp/uploads/blog/2026/01/19/482/Institute of Life Science (3)7f26.jpg]
[saicloudschool.in/myerp/uploads/blog/2026/01/19/482/Institute of Life Science (4)7f26.jpg]
[saicloudschool.in/myerp/uploads/blog/2026/01/19/482/Institute of Life Science (5)7f26.jpg]
[saicloudschool.in/myerp/uploads/blog/2026/01/19/482/Institute of Life Science (6)7f26.jpg]
[saicloudschool.in/myerp/uploads/blog/2026/01/19/482/Institute of Life Science (7)7f26.jpg]
[www.saiinternational.edu.in/media/news-and-blogs/482/grade-ix-saioneers-explore-the-world-of-life-sciences-at-the-institute-of-life-sciences.html]
[www.saiinternational.edu.in/icons/mail7f26.svg]
[www.saiinternational.edu.in/icons/footer-phone7f26.svg]
[www.saiinternational.edu.in/icons/campus7f26.svg]
[www.saiinternational.edu.in/icons/form.svg]
[www.saiinternational.edu.in/icons/headphone.svg]
[www.saiinternational.edu.in/icons/campus.svg]
[www.saiinternational.edu.in/icons/doc.svg]
[www.saiinternational.edu.in/icons/interaction.svg]
[www.saiinternational.edu.in/icons/offer-letter.svg]
[www.saiinternational.edu.in/images/curriculum/labbanner7f26.jpg]
[www.saiinternational.edu.in/images/curriculum/atallab.png]
[www.saiinternational.edu.in/images/curriculum/roboticslab.jpg]
[www.saiinternational.edu.in/images/curriculum/mathlab.jpg]
[www.saiinternational.edu.in/images/curriculum/languagelab.jpg]
[www.saiinternational.edu.in/images/curriculum/sportslab.jpg]
[www.saiinternational.edu.in/images/curriculum/dancelab.jpg]
[www.saiinternational.edu.in/images/curriculum/visualatallab.jpg]
[www.saiinternational.edu.in/images/curriculum/saitv.jpg]
[www.saiinternational.edu.in/images/curriculum/radio-orange.jpg]
[www.saiinternational.edu.in/images/curriculum/computerlab.jpg]
[www.saiinternational.edu.in/images/curriculum/sciencelab.jpg]
[www.saiinternational.edu.in/images/curriculum/library.jpg]
[www.saiinternational.edu.in/images/curriculum/sciencepark.jpg]
[www.saiinternational.edu.in/images/curriculum/socialscience.jpg]
[www.saiinternational.edu.in/images/curriculum/atallab.jpg]
[www.saiinternational.edu.in/about/learning-and-beyond/curriculum/laboratories]
[www.saiinternational.edu.in/images/curriculum/learning-banner7f26.jpg]
[www.saiinternational.edu.in/about/learning-and-beyond/curriculum/learning-resource-centers]
[www.saiinternational.edu.in/about/learning-and-beyond/curriculum/sports]
[www.saiinternational.edu.in/about/learning-and-beyond/curriculum/performing-arts]
[www.saiinternational.edu.in/about/learning-and-beyond/curriculum/fine-arts]
[www.saiinternational.edu.in/about/learning-and-beyond/curriculum/steam]
[www.saiinternational.edu.in/images/amenities/hostel7f26.jpg]
[www.saiinternational.edu.in/images/amenities/girls-hostel.jpg]
[www.saiinternational.edu.in/images/amenities/boys-hostel.jpg]
[www.saiinternational.edu.in/images/amenities/doubtclearing.jpg]
[www.saiinternational.edu.in/about/learning-and-beyond/amenities/hostel]
[www.saiinternational.edu.in/images/amenities/labcafeteria7f26.jpg]
[www.saiinternational.edu.in/images/amenities/cafeteria-thumb.jpg]
[www.saiinternational.edu.in/about/learning-and-beyond/amenities/cafeteria]
[www.saiinternational.edu.in/images/amenities/sushiladevi-aud.jpg]
[www.saiinternational.edu.in/images/amenities/ipauditorium.jpg]
[www.saiinternational.edu.in/about/learning-and-beyond/amenities/auditoriums]
[www.saiinternational.edu.in/images/amenities/banner-infirmary7f26.jpg]
[www.saiinternational.edu.in/images/amenities/medical-support.jpg]
[www.saiinternational.edu.in/images/amenities/onsitemedical.jpg]
[www.saiinternational.edu.in/images/amenities/emergencycare.jpg]
[www.saiinternational.edu.in/about/learning-and-beyond/amenities/infirmary]
[www.saiinternational.edu.in/images/amenities/green-energy-banner7f26.jpg]
[www.saiinternational.edu.in/images/amenities/rainwater.jpg]
[www.saiinternational.edu.in/images/amenities/water.jpg]
[www.saiinternational.edu.in/images/amenities/solar-energy.jpg]
[www.saiinternational.edu.in/images/amenities/vermicompost.jpg]
[www.saiinternational.edu.in/images/amenities/green-house.jpg]
[www.saiinternational.edu.in/images/amenities/award-green.jpg]
[www.saiinternational.edu.in/about/learning-and-beyond/amenities/sustainable-development]
[www.saiinternational.edu.in/about/learning-and-beyond/amenities/steam]
[www.saiinternational.edu.in/about/learning-and-beyond/sai-seva/dr.-b-k-sahoo-100-libraries]
[www.saiinternational.edu.in/images/amenities/auditoriums.png]
[www.saiinternational.edu.in/about/learning-and-beyond/sai-seva/initiatives]
[www.saiinternational.edu.in/about/learning-and-beyond/sai-seva/projects]
[www.saiinternational.edu.in/about/learning-and-beyond/sai-seva/recognitions]
[www.saiinternational.edu.in/about/learning-and-beyond/flagship-events/founderâs-memorial-series.html]
[www.saiinternational.edu.in/about/learning-and-beyond/flagship-events/saimun]
[www.saiinternational.edu.in/about/learning-and-beyond/flagship-events/sai-unwind]
[www.saiinternational.edu.in/about/learning-and-beyond/flagship-events/saited]
[www.saiinternational.edu.in/about/learning-and-beyond/flagship-events/sai-confluence]
[www.saiinternational.edu.in/about/learning-and-beyond/flagship-events/sai-olympics]
[www.saiinternational.edu.in/images/affiliations/cbse7f26.jpg]
[www.saiinternational.edu.in/about/affiliations/cbse]
[www.saiinternational.edu.in/images/affiliations/igcse7f26.jpg]
[www.saiinternational.edu.in/about/affiliations/igcse]
[www.saiinternational.edu.in/global-connect/global-programs/1]
[www.saiinternational.edu.in/global-connect/global-programs/2]
[www.saiinternational.edu.in/global-connect/global-programs/3]
[www.saiinternational.edu.in/global-connect/global-partners/1]
[www.saiinternational.edu.in/global-connect/global-partners/2]
[www.saiinternational.edu.in/global-connect/global-partners/3]
[www.saiinternational.edu.in/global-connect/global-partners/4]
[www.saiinternational.edu.in/global-connect/global-partners/5]
[www.saiinternational.edu.in/global-connect/global-partners/6]
[www.saiinternational.edu.in/global-connect/global-partners/7]
[www.saiinternational.edu.in/about/[object Object].html]
[www.saiinternational.edu.in/about/founder/late-dr.-bijaya-kumar-sahoo/index.html]
[www.saiinternational.edu.in/images/amenities/hostel.png]
[www.saiinternational.edu.in/images/school-background.png]
[www.saiinternational.edu.in/images/school-background.webp]
[www.saiinternational.edu.in/images/vision-mission-values/mission.jpg]
[www.saiinternational.edu.in/images/vision-mission-values/values.jpg]
[www.saiinternational.edu.in/images/vision-mission-values/vision.jpg]
[www.saiinternational.edu.in/_astro/index.CTU-SLsF.css]
[www.saiinternational.edu.in/about/team/shri-nilakantha-panigrahi/index.html]
[www.saiinternational.edu.in/about/team/shri-prakash-sahoo/index.html]
[www.saiinternational.edu.in/about/team/smt-rashmi-pandey/index.html]
[www.saiinternational.edu.in/about/advisory/dr.-c.b.-satpathy/index.html]
[www.saiinternational.edu.in/about/advisory/dr.-prasant-mohapatra/index.html]
[www.saiinternational.edu.in/about/advisory/ca-p.r.-ramesh/index.html]
[www.saiinternational.edu.in/about/advisory/dr.-damodar-acharya/index.html]
[www.saiinternational.edu.in/about/advisory/dr.-p.c.-jain/index.html]
[www.saiinternational.edu.in/about/advisory/shri-amitabh-jhingan/index.html]
[www.saiinternational.edu.in/about/advisory/shri-rakesh-sethi/index.html]
[www.saiinternational.edu.in/about/advisory/ms.-ameeta-mulla-wattal/index.html]
[www.saiinternational.edu.in/about/advisory/shri-ronesh-puri/index.html]
[www.saiinternational.edu.in/about/learning-and-beyond/curriculum/laboratories/index.html]
[www.saiinternational.edu.in/about/learning-and-beyond/curriculum/learning-resource-centers/index.html]
[www.saiinternational.edu.in/about/learning-and-beyond/curriculum/sports/index.html]
[www.saiinternational.edu.in/about/learning-and-beyond/curriculum/performing-arts/index.html]
[www.saiinternational.edu.in/about/learning-and-beyond/curriculum/fine-arts/index.html]
[www.saiinternational.edu.in/about/learning-and-beyond/curriculum/steam/index.html]
[www.saiinternational.edu.in/about/learning-and-beyond/amenities/hostel/index.html]
[www.saiinternational.edu.in/about/learning-and-beyond/amenities/cafeteria/index.html]
[www.saiinternational.edu.in/about/learning-and-beyond/amenities/auditoriums/index.html]
[www.saiinternational.edu.in/about/learning-and-beyond/amenities/infirmary/index.html]
[www.saiinternational.edu.in/about/learning-and-beyond/amenities/sustainable-development/index.html]
[www.saiinternational.edu.in/about/learning-and-beyond/amenities/steam/index.html]
[www.saiinternational.edu.in/about/learning-and-beyond/sai-seva/dr.-b-k-sahoo-100-libraries/index.html]
[www.saiinternational.edu.in/about/learning-and-beyond/sai-seva/initiatives/index.html]
[www.saiinternational.edu.in/about/learning-and-beyond/sai-seva/projects/index.html]
[www.saiinternational.edu.in/about/learning-and-beyond/sai-seva/recognitions/index.html]
[www.saiinternational.edu.in/about/learning-and-beyond/flagship-events/saimun/index.html]
[www.saiinternational.edu.in/about/learning-and-beyond/flagship-events/sai-unwind/index.html]
[www.saiinternational.edu.in/about/learning-and-beyond/flagship-events/saited/index.html]
[www.saiinternational.edu.in/about/learning-and-beyond/flagship-events/sai-confluence/index.html]
[www.saiinternational.edu.in/about/learning-and-beyond/flagship-events/sai-olympics/index.html]
[www.saiinternational.edu.in/about/affiliations/cbse/index.html]
[www.saiinternational.edu.in/about/affiliations/igcse/index.html]
[www.saiinternational.edu.in/global-connect/global-programs/1/index.html]
[www.saiinternational.edu.in/global-connect/global-programs/2/index.html]
[www.saiinternational.edu.in/global-connect/global-programs/3/index.html]
[www.saiinternational.edu.in/global-connect/global-partners/1/index.html]
[www.saiinternational.edu.in/global-connect/global-partners/2/index.html]
[www.saiinternational.edu.in/global-connect/global-partners/3/index.html]
[www.saiinternational.edu.in/global-connect/global-partners/4/index.html]
[www.saiinternational.edu.in/global-connect/global-partners/5/index.html]
[www.saiinternational.edu.in/global-connect/global-partners/6/index.html]
[www.saiinternational.edu.in/global-connect/global-partners/7/index.html]
